1,"bg\bf_room.NCGR"
0,"bg\bf_room.NCLR"
1,"bg\bf_room_battle.NSCR"
1,"bg\bf_room_exchange.NSCR"
1,"bg\bf_room_rail.NSCR"
1,"bg\bf_rental.NCGR"
0,"bg\bf_rental.NCLR"
1,"bg\bf_rental.NSCR"
1,"bg\bf_rental2.NSCR"
1,"bg\bf_rental_back.NSCR"
1,"bg\bf_rental_rail.NSCR"
1,"bg\bf_rental_maru.NSCR"
1,"bg\bf_rental_3poke.NSCR"
1,"bg\bf_rental_multi.NSCR"
1,"bg\bf_rental_multi_2poke.NSCR"
1,"bg\bf_rental_wifimode.NSCR"
1,"bg\bs_stage.NCGR"
1,"bg\bs_stage02.NCGR"
0,"bg\bs_stage.NCLR"
1,"bg\bs_stage_rouka.NCGR"
0,"bg\bs_stage_rouka.NCLR"
1,"bg\bs_stage_rouka.NSCR"
1,"bg\bs_stage_alpha.NSCR"
1,"bg\bs_stage_alpha.NCGR"
0,"bg\bs_stage_alpha.NCLR"
1,"bg\bs_stage_01_a.NSCR"
1,"bg\bs_stage_02_a.NSCR"
1,"bg\bs_stage_alpha_a.NSCR"
1,"bg\bs_select.NCGR"
0,"bg\bs_select.NCLR"
1,"bg\bs_select.NSCR"
1,"bg\bc_ohma.NCGR"
0,"bg\bc_ohma.NCLR"
1,"bg\bc_ohma.NSCR"
1,"bg\bc_rouka.NCGR"
0,"bg\bc_rouka.NCLR"
1,"bg\bc_rouka.NSCR"
1,"bg\bc_room.NCGR"
1,"bg\bc_room.NSCR"
1,"bg\bc_room01.NSCR"
1,"bg\bc_room01.NCGR"
1,"bg\bc_room_a.NSCR"
1,"bg\bc_temochi.NCGR"
0,"bg\bc_temochi.NCLR"
1,"bg\bc_temochi01.NSCR"
1,"bg\bc_temochi02.NSCR"
1,"bg\bc_temochi_item.NSCR"
1,"bg\bc_temochi_status.NSCR"
1,"bg\bc_temochi_waza.NSCR"
1,"bg\bc_taisen01.NSCR"
1,"bg\bc_taisen02.NSCR"
1,"bg\bc_taisen_status.NSCR"
1,"bg\bc_taisen_waza.NSCR"
0,"bg\bc_taisen.NCLR"
1,"bg\bc_taisen.NCGR"
0,"bg\bc_room01.NCLR"
0,"bg\bc_room.NCLR"
1,"bg\bt.NCGR"
0,"bg\bt.NCLR"
1,"bg\bt_mulbattle.NSCR"
1,"bg\bt_mulway.NSCR"
1,"bg\bt_mulway_a.NSCR"
1,"bg\bt_sbattle.NSCR"
1,"bg\bt_way.NSCR"
1,"bg\bt_way_a.NSCR"
1,"bg\br_room.NSCR"
1,"bg\br_room_mul.NSCR"
1,"bg\br_room.NCGR"
0,"bg\br_room.NCLR"
1,"bg\br_rouka.NSCR"
1,"bg\br_rouka.NCGR"
0,"bg\br_rouka.NCLR"
1,"bg\br_kekka01_hp_a.NSCR"
1,"bg\br_kekka01_hp_b.NSCR"
1,"bg\br_kekka02_doku_a.NSCR"
1,"bg\br_kekka02_doku_b.NSCR"
1,"bg\br_kekka03_mahi_a.NSCR"
1,"bg\br_kekka03_mahi_b.NSCR"
1,"bg\br_kekka04_yakedoi_a.NSCR"
1,"bg\br_kekka04_yakedoi_b.NSCR"
1,"bg\br_kekka05_nemuri_a.NSCR"
1,"bg\br_kekka05_nemuri_b.NSCR"
1,"bg\br_kekka06_koori_a.NSCR"
1,"bg\br_kekka06_koori_b.NSCR"
1,"bg\br_kekka07_kinomi_a.NSCR"
1,"bg\br_kekka07_kinomi_b.NSCR"
1,"bg\br_kekka08_dougu_a.NSCR"
1,"bg\br_kekka08_dougu_b.NSCR"
1,"bg\br_kekka09_level_a.NSCR"
1,"bg\br_kekka09_level_b.NSCR"
1,"bg\br_kekka10_hare.NSCR"
1,"bg\br_kekka11_ame.NSCR"
1,"bg\br_kekka12_suna.NSCR"
1,"bg\br_kekka13_arare.NSCR"
1,"bg\br_kekka14_kiri.NSCR"
1,"bg\br_kekka15_trick.NSCR"
1,"bg\br_kekka16_change.NSCR"
1,"bg\br_kekka17_speedup.NSCR"
1,"bg\br_kekka18_speeddn.NSCR"
1,"bg\br_kekka19_random.NSCR"
1,"bg\br_kekka20_through.NSCR"
1,"bg\br_kekka21_bp.NSCR"
1,"bg\br_kekka22_suka.NSCR"
1,"bg\br_kekka23_bp2.NSCR"
0,"bg\br_room_kekka01_hp.NCLR"
0,"bg\br_room_kekka02_doku.NCLR"
0,"bg\br_room_kekka03_mahi.NCLR"
0,"bg\br_room_kekka04_yakedoi.NCLR"
0,"bg\br_room_kekka05_nemuri.NCLR"
0,"bg\br_room_kekka06_koori.NCLR"
0,"bg\br_room_kekka07_kinomi.NCLR"
0,"bg\br_room_kekka08_dougu.NCLR"
0,"bg\br_room_kekka09_level.NCLR"
0,"bg\br_room_kekka10_hare.NCLR"
0,"bg\br_room_kekka11_ame.NCLR"
0,"bg\br_room_kekka12_suna.NCLR"
0,"bg\br_room_kekka13_arare.NCLR"
0,"bg\br_room_kekka14_kiri.NCLR"
0,"bg\br_room_kekka15_trick.NCLR"
0,"bg\br_room_kekka16_change.NCLR"
0,"bg\br_room_kekka17_speedup.NCLR"
0,"bg\br_room_kekka18_speeddn.NCLR"
0,"bg\br_room_kekka19_random.NCLR"
0,"bg\br_room_kekka20_through.NCLR"
0,"bg\br_room_kekka21_bp.NCLR"
0,"bg\br_room_kekka22_suka.NCLR"
0,"bg\br_room_kekka23_bp2.NCLR"
1,"bg\br_kekka01_hp.NCGR"
1,"bg\br_kekka02_doku.NCGR"
1,"bg\br_kekka03_mahi.NCGR"
1,"bg\br_kekka04_yakedo.NCGR"
1,"bg\br_kekka05_nemuri.NCGR"
1,"bg\br_kekka06_koori.NCGR"
1,"bg\br_kekka07_kinomi.NCGR"
1,"bg\br_kekka08_dougu.NCGR"
1,"bg\br_kekka09_level.NCGR"
1,"bg\br_kekka10_hare.NCGR"
1,"bg\br_kekka11_ame.NCGR"
1,"bg\br_kekka12_suna.NCGR"
1,"bg\br_kekka13_arare.NCGR"
1,"bg\br_kekka14_kiri.NCGR"
1,"bg\br_kekka15_trick.NCGR"
1,"bg\br_kekka16_change.NCGR"
1,"bg\br_kekka17_speedup.NCGR"
1,"bg\br_kekka18_speeddn.NCGR"
1,"bg\br_kekka19_random.NCGR"
1,"bg\br_kekka20_through.NCGR"
1,"bg\br_kekka21_bp.NCGR"
1,"bg\br_kekka22_suka.NCGR"
1,"bg\br_kekka23_bp2.NCGR"
1,"bg\br_panel_alpha.NSCR"
1,"bg\br_panel_alpha_mul.NSCR"
1,"bg\br_panel_alpha2.NSCR"
1,"bg\br_panel_alpha2_mul.NSCR"
1,"bg\br_panel.NSCR"
1,"bg\br_panel2.NSCR"
1,"bg\br_panel_mul.NSCR"
1,"bg\br_panel_mul2.NSCR"
1,"bg\br_panel.NCGR"
0,"bg\br_panel.NCLR"
1,"bg\br_button_bg.NSCR"
1,"bg\br_button_bg.NCGR"
0,"bg\br_button_bg.NCLR"
0,"bg\br_room_kekka.NCLR"
1,"bg\seiseki.NSCR"
1,"bg\seiseki.NCGR"
0,"bg\seiseki.NCLR"
1,"bg\batt_frontier.NCGR"
1,"bg\batt_frontier.NSCR"
0,"bg\batt_frontier.NCLR"
1,"bg\bf_connect.NCGR"
1,"bg\bf_connect.NSCR"
0,"bg\bf_connect.NCLR"
