1,"obj\bf_rental_oam.NCGR"
0,"obj\bf_rental_oam.NCLR"
1,"obj\bf_rental_oam.NANR"
1,"obj\bf_rental_oam.NCER"
1,"obj\bf_rental_obj.NCGR"
0,"obj\bf_rental_obj.NCLR"
1,"obj\bf_rental_obj.NANR"
1,"obj\bf_rental_obj.NCER"
1,"obj\bf_rental_obj_start.NANR"
1,"obj\bf_rental_obj_start.NCER"
1,"obj\bf_rental_obj_3poke.NANR"
1,"obj\bf_rental_obj_3poke.NCER"
1,"obj\bf_rental_obj_multi.NANR"
1,"obj\bf_rental_obj_multi.NCER"
1,"obj\bs_select_cursor.NCGR"
0,"obj\bs_select_cursor.NCLR"
1,"obj\bs_select_cursor.NANR"
1,"obj\bs_select_cursor.NCER"
1,"obj\bc_obj.NCGR"
0,"obj\bc_obj.NCLR"
1,"obj\bc_obj.NANR"
1,"obj\bc_obj.NCER"
1,"obj\br_obj.NCGR"
0,"obj\br_obj.NCLR"
1,"obj\br_obj.NANR"
1,"obj\br_obj.NCER"
1,"obj\br_button.NCGR"
0,"obj\br_button.NCLR"
1,"obj\br_button.NANR"
1,"obj\br_button.NCER"
1,"obj\br_ramp.NCGR"
0,"obj\br_ramp.NCLR"
1,"obj\br_ramp.NANR"
1,"obj\br_ramp.NCER"
0,"obj\br_pokepanel.NCLR"
1,"obj\br_pokepanel.NCGR"
1,"obj\br_pokepanel.NANR"
1,"obj\br_pokepanel.NCER"
1,"obj\br_pokepanel2.NCGR"
1,"obj\br_pokepanel2.NANR"
1,"obj\br_pokepanel2.NCER"
1,"obj\bt_obj_door.NCGR"
0,"obj\bt_obj_door.NCLR"
1,"obj\bt_obj_door.NANR"
1,"obj\bt_obj_door.NCER"
